==> Running tests (Database Cleaning ENABLED)...
Running full test suite in parallel (4 processes)...
==> Tests completed in 14 seconds!

==> Individual process results:
52 examples, 0 failures
74 examples, 0 failures
63 examples, 0 failures
80 examples, 0 failures
269 examples, 0 failures

==> Test Summary: All tests passed! (Exit Code: 0)
    (Ran 538 tests, 0 failures)
    Overall Coverage: 68.09%
See test.out for detailed output
